2026-07-23 11:41:29,735   INFO  **********************Start logging**********************
2026-07-23 11:41:29,735   INFO  CUDA_VISIBLE_DEVICES=0
2026-07-23 11:41:29,735   INFO  cfg_file         tools/cfgs/model/vod_models/radarnext/vod_radarnext_fpn.yaml
2026-07-23 11:41:29,735   INFO  batch_size       4
2026-07-23 11:41:29,735   INFO  epochs           80
2026-07-23 11:41:29,735   INFO  workers          2
2026-07-23 11:41:29,735   INFO  extra_tag        0722_paper
2026-07-23 11:41:29,735   INFO  output_root      output/train_log/vod/2026072222_radarnext_fpn_0722_paper
2026-07-23 11:41:29,735   INFO  ckpt             None
2026-07-23 11:41:29,735   INFO  pretrained_model None
2026-07-23 11:41:29,736   INFO  launcher         none
2026-07-23 11:41:29,736   INFO  tcp_port         18888
2026-07-23 11:41:29,736   INFO  sync_bn          False
2026-07-23 11:41:29,736   INFO  fix_random_seed  False
2026-07-23 11:41:29,736   INFO  ckpt_save_interval 1
2026-07-23 11:41:29,736   INFO  local_rank       0
2026-07-23 11:41:29,736   INFO  max_ckpt_save_num 30
2026-07-23 11:41:29,736   INFO  merge_all_iters_to_one_epoch False
2026-07-23 11:41:29,736   INFO  set_cfgs         ['OPTIMIZATION.early_stop.enabled', 'False', 'OPTIMIZATION.LR_WARMUP', 'False']
2026-07-23 11:41:29,736   INFO  max_waiting_mins 0
2026-07-23 11:41:29,736   INFO  start_epoch      0
2026-07-23 11:41:29,736   INFO  save_to_file     False
2026-07-23 11:41:29,736   INFO  use_wandb        False
2026-07-23 11:41:29,736   INFO  skip_eval        True
2026-07-23 11:41:29,736   INFO  cfg.ROOT_DIR: /home/admin/projects/RadarPillar
2026-07-23 11:41:29,736   INFO  cfg.LOCAL_RANK: 0
2026-07-23 11:41:29,736   INFO  cfg.CLASS_NAMES: ['Car', 'Pedestrian', 'Cyclist']
2026-07-23 11:41:29,736   INFO  
cfg.DATA_CONFIG = edict()
2026-07-23 11:41:29,736   INFO  cfg.DATA_CONFIG.DATASET: VodDataset
2026-07-23 11:41:29,736   INFO  cfg.DATA_CONFIG.DATA_PATH: ./data/VoD/view_of_delft_PUBLIC/radar_5frames
2026-07-23 11:41:29,736   INFO  cfg.DATA_CONFIG.POINT_CLOUD_RANGE: [0, -25.6, -3, 51.2, 25.6, 2]
2026-07-23 11:41:29,736   INFO  
cfg.DATA_CONFIG.DATA_SPLIT = edict()
2026-07-23 11:41:29,736   INFO  cfg.DATA_CONFIG.DATA_SPLIT.train: train
2026-07-23 11:41:29,736   INFO  cfg.DATA_CONFIG.DATA_SPLIT.test: val
2026-07-23 11:41:29,736   INFO  
cfg.DATA_CONFIG.INFO_PATH = edict()
2026-07-23 11:41:29,736   INFO  cfg.DATA_CONFIG.INFO_PATH.train: ['vod_infos_train.pkl']
2026-07-23 11:41:29,736   INFO  cfg.DATA_CONFIG.INFO_PATH.test: ['vod_infos_val.pkl']
2026-07-23 11:41:29,736   INFO  cfg.DATA_CONFIG.FOV_POINTS_ONLY: True
2026-07-23 11:41:29,736   INFO  
cfg.DATA_CONFIG.CLASS_MAPPINGS = edict()
2026-07-23 11:41:29,736   INFO  cfg.DATA_CONFIG.CLASS_MAPPINGS.Cyclist: Cyclist
2026-07-23 11:41:29,736   INFO  
cfg.DATA_CONFIG.POINT_FEATURE_NORMALIZATION = edict()
2026-07-23 11:41:29,736   INFO  cfg.DATA_CONFIG.POINT_FEATURE_NORMALIZATION.USE_NORM: False
2026-07-23 11:41:29,736   INFO  
cfg.DATA_CONFIG.DATA_AUGMENTOR = edict()
2026-07-23 11:41:29,736   INFO  cfg.DATA_CONFIG.DATA_AUGMENTOR.DISABLE_AUG_LIST: ['gt_sampling', 'placeholder']
2026-07-23 11:41:29,736   INFO  cfg.DATA_CONFIG.DATA_AUGMENTOR.AUG_CONFIG_LIST: [{'NAME': 'random_world_flip', 'ALONG_AXIS_LIST': ['x']}, {'NAME': 'random_world_scaling', 'WORLD_SCALE_RANGE': [0.95, 1.05]}]
2026-07-23 11:41:29,737   INFO  
cfg.DATA_CONFIG.POINT_FEATURE_ENCODING = edict()
2026-07-23 11:41:29,737   INFO  cfg.DATA_CONFIG.POINT_FEATURE_ENCODING.encoding_type: absolute_coordinates_encoding
2026-07-23 11:41:29,737   INFO  cfg.DATA_CONFIG.POINT_FEATURE_ENCODING.used_feature_list: ['x', 'y', 'z', 'rcs', 'v_r', 'v_r_comp', 'time']
2026-07-23 11:41:29,737   INFO  cfg.DATA_CONFIG.POINT_FEATURE_ENCODING.src_feature_list: ['x', 'y', 'z', 'rcs', 'v_r', 'v_r_comp', 'time']
2026-07-23 11:41:29,737   INFO  cfg.DATA_CONFIG.DATA_PROCESSOR: [{'NAME': 'mask_points_and_boxes_outside_range', 'REMOVE_OUTSIDE_BOXES': True}, {'NAME': 'shuffle_points', 'SHUFFLE_ENABLED': {'train': True, 'test': False}}, {'NAME': 'transform_points_to_voxels', 'VOXEL_SIZE': [0.16, 0.16, 5], 'MAX_POINTS_PER_VOXEL': 10, 'MAX_NUMBER_OF_VOXELS': {'train': 16000, 'test': 40000}}]
2026-07-23 11:41:29,737   INFO  cfg.DATA_CONFIG._BASE_CONFIG_: tools/cfgs/dataset/vod_dataset_radar.yaml
2026-07-23 11:41:29,737   INFO  
cfg.MODEL = edict()
2026-07-23 11:41:29,737   INFO  cfg.MODEL.NAME: CenterPoint
2026-07-23 11:41:29,737   INFO  
cfg.MODEL.VFE = edict()
2026-07-23 11:41:29,737   INFO  cfg.MODEL.VFE.NAME: PillarVFE
2026-07-23 11:41:29,737   INFO  cfg.MODEL.VFE.WITH_DISTANCE: False
2026-07-23 11:41:29,737   INFO  cfg.MODEL.VFE.USE_VELOCITY_DECOMPOSITION: False
2026-07-23 11:41:29,737   INFO  cfg.MODEL.VFE.USE_REL_VELOCITY_DECOMPOSITION: False
2026-07-23 11:41:29,737   INFO  cfg.MODEL.VFE.USE_VELOCITY_OFFSET: False
2026-07-23 11:41:29,737   INFO  cfg.MODEL.VFE.USE_REL_VELOCITY_OFFSET: False
2026-07-23 11:41:29,737   INFO  cfg.MODEL.VFE.USE_ABSOLUTE_XYZ: True
2026-07-23 11:41:29,737   INFO  cfg.MODEL.VFE.USE_NORM: True
2026-07-23 11:41:29,737   INFO  cfg.MODEL.VFE.NUM_FILTERS: [64]
2026-07-23 11:41:29,737   INFO  cfg.MODEL.BACKBONE_3D: None
2026-07-23 11:41:29,737   INFO  
cfg.MODEL.MAP_TO_BEV = edict()
2026-07-23 11:41:29,737   INFO  cfg.MODEL.MAP_TO_BEV.NAME: PointPillarScatter
2026-07-23 11:41:29,737   INFO  cfg.MODEL.MAP_TO_BEV.NUM_BEV_FEATURES: 64
2026-07-23 11:41:29,737   INFO  
cfg.MODEL.BACKBONE_2D = edict()
2026-07-23 11:41:29,737   INFO  cfg.MODEL.BACKBONE_2D.NAME: RadarNeXtFPNBackbone
2026-07-23 11:41:29,737   INFO  
cfg.MODEL.BACKBONE_2D.REP_DWC = edict()
2026-07-23 11:41:29,737   INFO  cfg.MODEL.BACKBONE_2D.REP_DWC.OUT_CHANNELS: [64, 128, 256]
2026-07-23 11:41:29,737   INFO  cfg.MODEL.BACKBONE_2D.REP_DWC.LAYER_NUMS: [3, 5, 5]
2026-07-23 11:41:29,737   INFO  cfg.MODEL.BACKBONE_2D.REP_DWC.LAYER_STRIDES: [2, 2, 2]
2026-07-23 11:41:29,737   INFO  cfg.MODEL.BACKBONE_2D.REP_DWC.NUM_OUTPUTS: 3
2026-07-23 11:41:29,737   INFO  cfg.MODEL.BACKBONE_2D.REP_DWC.INFERENCE_MODE: False
2026-07-23 11:41:29,737   INFO  cfg.MODEL.BACKBONE_2D.REP_DWC.USE_SE: False
2026-07-23 11:41:29,737   INFO  cfg.MODEL.BACKBONE_2D.REP_DWC.NUM_CONV_BRANCHES: 1
2026-07-23 11:41:29,737   INFO  cfg.MODEL.BACKBONE_2D.REP_DWC.USE_NORMCONV: False
2026-07-23 11:41:29,737   INFO  cfg.MODEL.BACKBONE_2D.REP_DWC.USE_DWCONV: True
2026-07-23 11:41:29,738   INFO  
cfg.MODEL.BACKBONE_2D.SECOND_FPN = edict()
2026-07-23 11:41:29,738   INFO  cfg.MODEL.BACKBONE_2D.SECOND_FPN.IN_CHANNELS: [64, 128, 256]
2026-07-23 11:41:29,738   INFO  cfg.MODEL.BACKBONE_2D.SECOND_FPN.OUT_CHANNELS: [128, 128, 128]
2026-07-23 11:41:29,738   INFO  cfg.MODEL.BACKBONE_2D.SECOND_FPN.UPSAMPLE_STRIDES: [0.5, 1, 2]
2026-07-23 11:41:29,738   INFO  cfg.MODEL.BACKBONE_2D.SECOND_FPN.USE_CONV_FOR_NO_STRIDE: True
2026-07-23 11:41:29,738   INFO  
cfg.MODEL.BACKBONE_2D.SECOND_FPN.NORM_CFG = edict()
2026-07-23 11:41:29,738   INFO  cfg.MODEL.BACKBONE_2D.SECOND_FPN.NORM_CFG.EPS: 0.001
2026-07-23 11:41:29,738   INFO  cfg.MODEL.BACKBONE_2D.SECOND_FPN.NORM_CFG.MOMENTUM: 0.01
2026-07-23 11:41:29,738   INFO  
cfg.MODEL.BACKBONE_2D.SECOND_FPN.UPSAMPLE_CFG = edict()
2026-07-23 11:41:29,738   INFO  cfg.MODEL.BACKBONE_2D.SECOND_FPN.UPSAMPLE_CFG.BIAS: False
2026-07-23 11:41:29,738   INFO  
cfg.MODEL.BACKBONE_2D.SECOND_FPN.CONV_CFG = edict()
2026-07-23 11:41:29,738   INFO  cfg.MODEL.BACKBONE_2D.SECOND_FPN.CONV_CFG.BIAS: False
2026-07-23 11:41:29,738   INFO  
cfg.MODEL.DENSE_HEAD = edict()
2026-07-23 11:41:29,738   INFO  cfg.MODEL.DENSE_HEAD.NAME: RadarNeXtCenterHead
2026-07-23 11:41:29,738   INFO  cfg.MODEL.DENSE_HEAD.CLASS_AGNOSTIC: False
2026-07-23 11:41:29,738   INFO  cfg.MODEL.DENSE_HEAD.TASKS: [{'num_class': 3, 'class_names': ['Car', 'Pedestrian', 'Cyclist']}]
2026-07-23 11:41:29,738   INFO  
cfg.MODEL.DENSE_HEAD.COMMON_HEADS = edict()
2026-07-23 11:41:29,738   INFO  cfg.MODEL.DENSE_HEAD.COMMON_HEADS.reg: [2, 2]
2026-07-23 11:41:29,738   INFO  cfg.MODEL.DENSE_HEAD.COMMON_HEADS.height: [1, 2]
2026-07-23 11:41:29,738   INFO  cfg.MODEL.DENSE_HEAD.COMMON_HEADS.dim: [3, 2]
2026-07-23 11:41:29,738   INFO  cfg.MODEL.DENSE_HEAD.COMMON_HEADS.rot: [2, 2]
2026-07-23 11:41:29,738   INFO  cfg.MODEL.DENSE_HEAD.COMMON_HEADS.iou: [1, 2]
2026-07-23 11:41:29,738   INFO  cfg.MODEL.DENSE_HEAD.CODE_WEIGHTS: [1.0, 1.0, 1.0, 1.0, 1.0, 1.0, 1.0, 1.0]
2026-07-23 11:41:29,738   INFO  cfg.MODEL.DENSE_HEAD.BBOX_CODE_SIZE: 7
2026-07-23 11:41:29,738   INFO  cfg.MODEL.DENSE_HEAD.STRIDES: [2]
2026-07-23 11:41:29,738   INFO  cfg.MODEL.DENSE_HEAD.SHARE_CONV_CHANNEL: 64
2026-07-23 11:41:29,738   INFO  cfg.MODEL.DENSE_HEAD.NUM_HM_CONV: 2
2026-07-23 11:41:29,738   INFO  cfg.MODEL.DENSE_HEAD.NUM_CORNER_HM_CONV: 2
2026-07-23 11:41:29,738   INFO  cfg.MODEL.DENSE_HEAD.INIT_BIAS: -2.19
2026-07-23 11:41:29,738   INFO  cfg.MODEL.DENSE_HEAD.FINAL_KERNEL: 3
2026-07-23 11:41:29,738   INFO  cfg.MODEL.DENSE_HEAD.OUT_SIZE_FACTOR: 2
2026-07-23 11:41:29,738   INFO  cfg.MODEL.DENSE_HEAD.MAX_OBJS: 500
2026-07-23 11:41:29,738   INFO  cfg.MODEL.DENSE_HEAD.DENSE_REG: 1
2026-07-23 11:41:29,738   INFO  cfg.MODEL.DENSE_HEAD.GAUSSIAN_OVERLAP: 0.1
2026-07-23 11:41:29,738   INFO  cfg.MODEL.DENSE_HEAD.MIN_RADIUS: 2
2026-07-23 11:41:29,738   INFO  cfg.MODEL.DENSE_HEAD.WEIGHT: 1.0
2026-07-23 11:41:29,739   INFO  cfg.MODEL.DENSE_HEAD.CORNER_WEIGHT: 1.0
2026-07-23 11:41:29,739   INFO  cfg.MODEL.DENSE_HEAD.IOU_WEIGHT: 1.0
2026-07-23 11:41:29,739   INFO  cfg.MODEL.DENSE_HEAD.IOU_REG_WEIGHT: 0.5
2026-07-23 11:41:29,739   INFO  cfg.MODEL.DENSE_HEAD.WITH_CORNER: True
2026-07-23 11:41:29,739   INFO  cfg.MODEL.DENSE_HEAD.WITH_REG_IOU: True
2026-07-23 11:41:29,739   INFO  cfg.MODEL.DENSE_HEAD.RECTIFIER: [[0.5, 0.5, 0.5]]
2026-07-23 11:41:29,739   INFO  cfg.MODEL.DENSE_HEAD.POST_CENTER_LIMIT_RANGE: [0, -25.6, -3, 51.2, 25.6, 2]
2026-07-23 11:41:29,739   INFO  cfg.MODEL.DENSE_HEAD.SCORE_THRESHOLD: 0.1
2026-07-23 11:41:29,739   INFO  
cfg.MODEL.DENSE_HEAD.NMS_CONFIG = edict()
2026-07-23 11:41:29,739   INFO  cfg.MODEL.DENSE_HEAD.NMS_CONFIG.NMS_TYPE: nms_gpu
2026-07-23 11:41:29,739   INFO  cfg.MODEL.DENSE_HEAD.NMS_CONFIG.NMS_THRESH: 0.2
2026-07-23 11:41:29,739   INFO  cfg.MODEL.DENSE_HEAD.NMS_CONFIG.NMS_PRE_MAXSIZE: 1000
2026-07-23 11:41:29,739   INFO  cfg.MODEL.DENSE_HEAD.NMS_CONFIG.NMS_POST_MAXSIZE: 83
2026-07-23 11:41:29,739   INFO  
cfg.MODEL.POST_PROCESSING = edict()
2026-07-23 11:41:29,739   INFO  cfg.MODEL.POST_PROCESSING.RECALL_THRESH_LIST: [0.3, 0.5, 0.7]
2026-07-23 11:41:29,739   INFO  cfg.MODEL.POST_PROCESSING.SCORE_THRESH: 0.1
2026-07-23 11:41:29,739   INFO  cfg.MODEL.POST_PROCESSING.OUTPUT_RAW_SCORE: False
2026-07-23 11:41:29,739   INFO  cfg.MODEL.POST_PROCESSING.EVAL_METRIC: vod
2026-07-23 11:41:29,739   INFO  
cfg.MODEL.POST_PROCESSING.NMS_CONFIG = edict()
2026-07-23 11:41:29,739   INFO  cfg.MODEL.POST_PROCESSING.NMS_CONFIG.MULTI_CLASSES_NMS: True
2026-07-23 11:41:29,739   INFO  cfg.MODEL.POST_PROCESSING.NMS_CONFIG.NMS_TYPE: nms_gpu
2026-07-23 11:41:29,739   INFO  cfg.MODEL.POST_PROCESSING.NMS_CONFIG.NMS_THRESH: 0.15
2026-07-23 11:41:29,739   INFO  cfg.MODEL.POST_PROCESSING.NMS_CONFIG.NMS_PRE_MAXSIZE: 4096
2026-07-23 11:41:29,739   INFO  cfg.MODEL.POST_PROCESSING.NMS_CONFIG.NMS_POST_MAXSIZE: 500
2026-07-23 11:41:29,739   INFO  
cfg.OPTIMIZATION = edict()
2026-07-23 11:41:29,739   INFO  cfg.OPTIMIZATION.FIX_RANDOM_SEED: False
2026-07-23 11:41:29,739   INFO  cfg.OPTIMIZATION.BATCH_SIZE_PER_GPU: 4
2026-07-23 11:41:29,739   INFO  cfg.OPTIMIZATION.NUM_EPOCHS: 80
2026-07-23 11:41:29,739   INFO  cfg.OPTIMIZATION.eval_interval: 1
2026-07-23 11:41:29,739   INFO  
cfg.OPTIMIZATION.early_stop = edict()
2026-07-23 11:41:29,739   INFO  cfg.OPTIMIZATION.early_stop.enabled: False
2026-07-23 11:41:29,739   INFO  cfg.OPTIMIZATION.early_stop.metrics: ['Car_3d/moderate_R40', 'Pedestrian_3d/moderate_R40', 'Cyclist_3d/moderate_R40']
2026-07-23 11:41:29,739   INFO  cfg.OPTIMIZATION.early_stop.metric_reducer: weighted_mean
2026-07-23 11:41:29,739   INFO  cfg.OPTIMIZATION.early_stop.metric_weights: [0.2, 0.3, 0.5]
2026-07-23 11:41:29,739   INFO  cfg.OPTIMIZATION.early_stop.mode: max
2026-07-23 11:41:29,740   INFO  cfg.OPTIMIZATION.early_stop.patience: 30
2026-07-23 11:41:29,740   INFO  cfg.OPTIMIZATION.early_stop.min_delta: 0.0
2026-07-23 11:41:29,740   INFO  cfg.OPTIMIZATION.early_stop.start_epoch: 10
2026-07-23 11:41:29,740   INFO  cfg.OPTIMIZATION.early_stop.save_best: True
2026-07-23 11:41:29,740   INFO  cfg.OPTIMIZATION.OPTIMIZER: adamw
2026-07-23 11:41:29,740   INFO  cfg.OPTIMIZATION.LR: 0.003
2026-07-23 11:41:29,740   INFO  cfg.OPTIMIZATION.WEIGHT_DECAY: 0.01
2026-07-23 11:41:29,740   INFO  cfg.OPTIMIZATION.MOMENTUM: 0.9
2026-07-23 11:41:29,740   INFO  cfg.OPTIMIZATION.MOMS: [0.95, 0.85]
2026-07-23 11:41:29,740   INFO  cfg.OPTIMIZATION.PCT_START: 0.4
2026-07-23 11:41:29,740   INFO  cfg.OPTIMIZATION.DIV_FACTOR: 10
2026-07-23 11:41:29,740   INFO  cfg.OPTIMIZATION.DECAY_STEP_LIST: [35, 45]
2026-07-23 11:41:29,740   INFO  cfg.OPTIMIZATION.LR_DECAY: 0.1
2026-07-23 11:41:29,740   INFO  cfg.OPTIMIZATION.LR_CLIP: 1e-07
2026-07-23 11:41:29,740   INFO  cfg.OPTIMIZATION.LR_WARMUP: False
2026-07-23 11:41:29,740   INFO  cfg.OPTIMIZATION.WARMUP_EPOCH: 1
2026-07-23 11:41:29,740   INFO  cfg.OPTIMIZATION.GRAD_NORM_CLIP: 10
2026-07-23 11:41:29,740   INFO  cfg.TAG: vod_radarnext_fpn
2026-07-23 11:41:29,740   INFO  cfg.EXP_GROUP_PATH: cfgs/model/vod_models/radarnext
2026-07-23 11:41:29,784   INFO  Loading VoD dataset
2026-07-23 11:41:30,001   INFO  Total samples for VoD dataset: 5139
2026-07-23 11:41:31,221   INFO  CenterPoint(
  (vfe): PillarVFE(
    (pfn_layers): ModuleList(
      (0): PFNLayer(
        (linear): Linear(in_features=13, out_features=64, bias=False)
        (norm): BatchNorm1d(64, eps=0.001, momentum=0.01, affine=True, track_running_stats=True)
      )
    )
  )
  (backbone_3d): None
  (map_to_bev_module): PointPillarScatter()
  (pfe): None
  (backbone_2d): RadarNeXtFPNBackbone(
    (backbone): RepDWCBackbone(
      (blocks): ModuleList(
        (0): RepBlock(
          (fuse): Sequential(
            (0): MobileOneBlock(
              (se): Identity()
              (activation): ReLU()
              (rbr_conv): ModuleList(
                (0): Sequential(
                  (conv): Conv2d(64, 64, kernel_size=(3, 3), stride=(2, 2), padding=(1, 1), groups=64, bias=False)
                  (bn): BatchNorm2d(64, eps=1e-05, momentum=0.1, affine=True, track_running_stats=True)
                )
              )
              (rbr_scale): Sequential(
                (conv): Conv2d(64, 64, kernel_size=(1, 1), stride=(2, 2), groups=64, bias=False)
                (bn): BatchNorm2d(64, eps=1e-05, momentum=0.1, affine=True, track_running_stats=True)
              )
            )
            (1): MobileOneBlock(
              (se): Identity()
              (activation): ReLU()
              (rbr_skip): BatchNorm2d(64, eps=1e-05, momentum=0.1, affine=True, track_running_stats=True)
              (rbr_conv): ModuleList(
                (0): Sequential(
                  (conv): Conv2d(64, 64, kernel_size=(1, 1), stride=(1, 1), bias=False)
                  (bn): BatchNorm2d(64, eps=1e-05, momentum=0.1, affine=True, track_running_stats=True)
                )
              )
            )
          )
          (block): Sequential(
            (0): Sequential(
              (0): MobileOneBlock(
                (se): Identity()
                (activation): ReLU()
                (rbr_skip): BatchNorm2d(64, eps=1e-05, momentum=0.1, affine=True, track_running_stats=True)
                (rbr_conv): ModuleList(
                  (0): Sequential(
                    (conv): Conv2d(64, 64, kernel_size=(3, 3), stride=(1, 1), padding=(1, 1), groups=64, bias=False)
                    (bn): BatchNorm2d(64, eps=1e-05, momentum=0.1, affine=True, track_running_stats=True)
                  )
                )
                (rbr_scale): Sequential(
                  (conv): Conv2d(64, 64, kernel_size=(1, 1), stride=(1, 1), groups=64, bias=False)
                  (bn): BatchNorm2d(64, eps=1e-05, momentum=0.1, affine=True, track_running_stats=True)
                )
              )
              (1): MobileOneBlock(
                (se): Identity()
                (activation): ReLU()
                (rbr_skip): BatchNorm2d(64, eps=1e-05, momentum=0.1, affine=True, track_running_stats=True)
                (rbr_conv): ModuleList(
                  (0): Sequential(
                    (conv): Conv2d(64, 64, kernel_size=(1, 1), stride=(1, 1), bias=False)
                    (bn): BatchNorm2d(64, eps=1e-05, momentum=0.1, affine=True, track_running_stats=True)
                  )
                )
              )
            )
            (1): Sequential(
              (0): MobileOneBlock(
                (se): Identity()
                (activation): ReLU()
                (rbr_skip): BatchNorm2d(64, eps=1e-05, momentum=0.1, affine=True, track_running_stats=True)
                (rbr_conv): ModuleList(
                  (0): Sequential(
                    (conv): Conv2d(64, 64, kernel_size=(3, 3), stride=(1, 1), padding=(1, 1), groups=64, bias=False)
                    (bn): BatchNorm2d(64, eps=1e-05, momentum=0.1, affine=True, track_running_stats=True)
                  )
                )
                (rbr_scale): Sequential(
                  (conv): Conv2d(64, 64, kernel_size=(1, 1), stride=(1, 1), groups=64, bias=False)
                  (bn): BatchNorm2d(64, eps=1e-05, momentum=0.1, affine=True, track_running_stats=True)
                )
              )
              (1): MobileOneBlock(
                (se): Identity()
                (activation): ReLU()
                (rbr_skip): BatchNorm2d(64, eps=1e-05, momentum=0.1, affine=True, track_running_stats=True)
                (rbr_conv): ModuleList(
                  (0): Sequential(
                    (conv): Conv2d(64, 64, kernel_size=(1, 1), stride=(1, 1), bias=False)
                    (bn): BatchNorm2d(64, eps=1e-05, momentum=0.1, affine=True, track_running_stats=True)
                  )
                )
              )
            )
          )
        )
        (1): RepBlock(
          (fuse): Sequential(
            (0): MobileOneBlock(
              (se): Identity()
              (activation): ReLU()
              (rbr_conv): ModuleList(
                (0): Sequential(
                  (conv): Conv2d(64, 64, kernel_size=(3, 3), stride=(2, 2), padding=(1, 1), groups=64, bias=False)
                  (bn): BatchNorm2d(64, eps=1e-05, momentum=0.1, affine=True, track_running_stats=True)
                )
              )
              (rbr_scale): Sequential(
                (conv): Conv2d(64, 64, kernel_size=(1, 1), stride=(2, 2), groups=64, bias=False)
                (bn): BatchNorm2d(64, eps=1e-05, momentum=0.1, affine=True, track_running_stats=True)
              )
            )
            (1): MobileOneBlock(
              (se): Identity()
              (activation): ReLU()
              (rbr_conv): ModuleList(
                (0): Sequential(
                  (conv): Conv2d(64, 128, kernel_size=(1, 1), stride=(1, 1), bias=False)
                  (bn): BatchNorm2d(128, eps=1e-05, momentum=0.1, affine=True, track_running_stats=True)
                )
              )
            )
          )
          (block): Sequential(
            (0): Sequential(
              (0): MobileOneBlock(
                (se): Identity()
                (activation): ReLU()
                (rbr_skip): BatchNorm2d(128, eps=1e-05, momentum=0.1, affine=True, track_running_stats=True)
                (rbr_conv): ModuleList(
                  (0): Sequential(
                    (conv): Conv2d(128, 128, kernel_size=(3, 3), stride=(1, 1), padding=(1, 1), groups=128, bias=False)
                    (bn): BatchNorm2d(128, eps=1e-05, momentum=0.1, affine=True, track_running_stats=True)
                  )
                )
                (rbr_scale): Sequential(
                  (conv): Conv2d(128, 128, kernel_size=(1, 1), stride=(1, 1), groups=128, bias=False)
                  (bn): BatchNorm2d(128, eps=1e-05, momentum=0.1, affine=True, track_running_stats=True)
                )
              )
              (1): MobileOneBlock(
                (se): Identity()
                (activation): ReLU()
                (rbr_skip): BatchNorm2d(128, eps=1e-05, momentum=0.1, affine=True, track_running_stats=True)
                (rbr_conv): ModuleList(
                  (0): Sequential(
                    (conv): Conv2d(128, 128, kernel_size=(1, 1), stride=(1, 1), bias=False)
                    (bn): BatchNorm2d(128, eps=1e-05, momentum=0.1, affine=True, track_running_stats=True)
                  )
                )
              )
            )
            (1): Sequential(
              (0): MobileOneBlock(
                (se): Identity()
                (activation): ReLU()
                (rbr_skip): BatchNorm2d(128, eps=1e-05, momentum=0.1, affine=True, track_running_stats=True)
                (rbr_conv): ModuleList(
                  (0): Sequential(
                    (conv): Conv2d(128, 128, kernel_size=(3, 3), stride=(1, 1), padding=(1, 1), groups=128, bias=False)
                    (bn): BatchNorm2d(128, eps=1e-05, momentum=0.1, affine=True, track_running_stats=True)
                  )
                )
                (rbr_scale): Sequential(
                  (conv): Conv2d(128, 128, kernel_size=(1, 1), stride=(1, 1), groups=128, bias=False)
                  (bn): BatchNorm2d(128, eps=1e-05, momentum=0.1, affine=True, track_running_stats=True)
                )
              )
              (1): MobileOneBlock(
                (se): Identity()
                (activation): ReLU()
                (rbr_skip): BatchNorm2d(128, eps=1e-05, momentum=0.1, affine=True, track_running_stats=True)
                (rbr_conv): ModuleList(
                  (0): Sequential(
                    (conv): Conv2d(128, 128, kernel_size=(1, 1), stride=(1, 1), bias=False)
                    (bn): BatchNorm2d(128, eps=1e-05, momentum=0.1, affine=True, track_running_stats=True)
                  )
                )
              )
            )
            (2): Sequential(
              (0): MobileOneBlock(
                (se): Identity()
                (activation): ReLU()
                (rbr_skip): BatchNorm2d(128, eps=1e-05, momentum=0.1, affine=True, track_running_stats=True)
                (rbr_conv): ModuleList(
                  (0): Sequential(
                    (conv): Conv2d(128, 128, kernel_size=(3, 3), stride=(1, 1), padding=(1, 1), groups=128, bias=False)
                    (bn): BatchNorm2d(128, eps=1e-05, momentum=0.1, affine=True, track_running_stats=True)
                  )
                )
                (rbr_scale): Sequential(
                  (conv): Conv2d(128, 128, kernel_size=(1, 1), stride=(1, 1), groups=128, bias=False)
                  (bn): BatchNorm2d(128, eps=1e-05, momentum=0.1, affine=True, track_running_stats=True)
                )
              )
              (1): MobileOneBlock(
                (se): Identity()
                (activation): ReLU()
                (rbr_skip): BatchNorm2d(128, eps=1e-05, momentum=0.1, affine=True, track_running_stats=True)
                (rbr_conv): ModuleList(
                  (0): Sequential(
                    (conv): Conv2d(128, 128, kernel_size=(1, 1), stride=(1, 1), bias=False)
                    (bn): BatchNorm2d(128, eps=1e-05, momentum=0.1, affine=True, track_running_stats=True)
                  )
                )
              )
            )
            (3): Sequential(
              (0): MobileOneBlock(
                (se): Identity()
                (activation): ReLU()
                (rbr_skip): BatchNorm2d(128, eps=1e-05, momentum=0.1, affine=True, track_running_stats=True)
                (rbr_conv): ModuleList(
                  (0): Sequential(
                    (conv): Conv2d(128, 128, kernel_size=(3, 3), stride=(1, 1), padding=(1, 1), groups=128, bias=False)
                    (bn): BatchNorm2d(128, eps=1e-05, momentum=0.1, affine=True, track_running_stats=True)
                  )
                )
                (rbr_scale): Sequential(
                  (conv): Conv2d(128, 128, kernel_size=(1, 1), stride=(1, 1), groups=128, bias=False)
                  (bn): BatchNorm2d(128, eps=1e-05, momentum=0.1, affine=True, track_running_stats=True)
                )
              )
              (1): MobileOneBlock(
                (se): Identity()
                (activation): ReLU()
                (rbr_skip): BatchNorm2d(128, eps=1e-05, momentum=0.1, affine=True, track_running_stats=True)
                (rbr_conv): ModuleList(
                  (0): Sequential(
                    (conv): Conv2d(128, 128, kernel_size=(1, 1), stride=(1, 1), bias=False)
                    (bn): BatchNorm2d(128, eps=1e-05, momentum=0.1, affine=True, track_running_stats=True)
                  )
                )
              )
            )
          )
        )
        (2): RepBlock(
          (fuse): Sequential(
            (0): MobileOneBlock(
              (se): Identity()
              (activation): ReLU()
              (rbr_conv): ModuleList(
                (0): Sequential(
                  (conv): Conv2d(128, 128, kernel_size=(3, 3), stride=(2, 2), padding=(1, 1), groups=128, bias=False)
                  (bn): BatchNorm2d(128, eps=1e-05, momentum=0.1, affine=True, track_running_stats=True)
                )
              )
              (rbr_scale): Sequential(
                (conv): Conv2d(128, 128, kernel_size=(1, 1), stride=(2, 2), groups=128, bias=False)
                (bn): BatchNorm2d(128, eps=1e-05, momentum=0.1, affine=True, track_running_stats=True)
              )
            )
            (1): MobileOneBlock(
              (se): Identity()
              (activation): ReLU()
              (rbr_conv): ModuleList(
                (0): Sequential(
                  (conv): Conv2d(128, 256, kernel_size=(1, 1), stride=(1, 1), bias=False)
                  (bn): BatchNorm2d(256, eps=1e-05, momentum=0.1, affine=True, track_running_stats=True)
                )
              )
            )
          )
          (block): Sequential(
            (0): Sequential(
              (0): MobileOneBlock(
                (se): Identity()
                (activation): ReLU()
                (rbr_skip): BatchNorm2d(256, eps=1e-05, momentum=0.1, affine=True, track_running_stats=True)
                (rbr_conv): ModuleList(
                  (0): Sequential(
                    (conv): Conv2d(256, 256, kernel_size=(3, 3), stride=(1, 1), padding=(1, 1), groups=256, bias=False)
                    (bn): BatchNorm2d(256, eps=1e-05, momentum=0.1, affine=True, track_running_stats=True)
                  )
                )
                (rbr_scale): Sequential(
                  (conv): Conv2d(256, 256, kernel_size=(1, 1), stride=(1, 1), groups=256, bias=False)
                  (bn): BatchNorm2d(256, eps=1e-05, momentum=0.1, affine=True, track_running_stats=True)
                )
              )
              (1): MobileOneBlock(
                (se): Identity()
                (activation): ReLU()
                (rbr_skip): BatchNorm2d(256, eps=1e-05, momentum=0.1, affine=True, track_running_stats=True)
                (rbr_conv): ModuleList(
                  (0): Sequential(
                    (conv): Conv2d(256, 256, kernel_size=(1, 1), stride=(1, 1), bias=False)
                    (bn): BatchNorm2d(256, eps=1e-05, momentum=0.1, affine=True, track_running_stats=True)
                  )
                )
              )
            )
            (1): Sequential(
              (0): MobileOneBlock(
                (se): Identity()
                (activation): ReLU()
                (rbr_skip): BatchNorm2d(256, eps=1e-05, momentum=0.1, affine=True, track_running_stats=True)
                (rbr_conv): ModuleList(
                  (0): Sequential(
                    (conv): Conv2d(256, 256, kernel_size=(3, 3), stride=(1, 1), padding=(1, 1), groups=256, bias=False)
                    (bn): BatchNorm2d(256, eps=1e-05, momentum=0.1, affine=True, track_running_stats=True)
                  )
                )
                (rbr_scale): Sequential(
                  (conv): Conv2d(256, 256, kernel_size=(1, 1), stride=(1, 1), groups=256, bias=False)
                  (bn): BatchNorm2d(256, eps=1e-05, momentum=0.1, affine=True, track_running_stats=True)
                )
              )
              (1): MobileOneBlock(
                (se): Identity()
                (activation): ReLU()
                (rbr_skip): BatchNorm2d(256, eps=1e-05, momentum=0.1, affine=True, track_running_stats=True)
                (rbr_conv): ModuleList(
                  (0): Sequential(
                    (conv): Conv2d(256, 256, kernel_size=(1, 1), stride=(1, 1), bias=False)
                    (bn): BatchNorm2d(256, eps=1e-05, momentum=0.1, affine=True, track_running_stats=True)
                  )
                )
              )
            )
            (2): Sequential(
              (0): MobileOneBlock(
                (se): Identity()
                (activation): ReLU()
                (rbr_skip): BatchNorm2d(256, eps=1e-05, momentum=0.1, affine=True, track_running_stats=True)
                (rbr_conv): ModuleList(
                  (0): Sequential(
                    (conv): Conv2d(256, 256, kernel_size=(3, 3), stride=(1, 1), padding=(1, 1), groups=256, bias=False)
                    (bn): BatchNorm2d(256, eps=1e-05, momentum=0.1, affine=True, track_running_stats=True)
                  )
                )
                (rbr_scale): Sequential(
                  (conv): Conv2d(256, 256, kernel_size=(1, 1), stride=(1, 1), groups=256, bias=False)
                  (bn): BatchNorm2d(256, eps=1e-05, momentum=0.1, affine=True, track_running_stats=True)
                )
              )
              (1): MobileOneBlock(
                (se): Identity()
                (activation): ReLU()
                (rbr_skip): BatchNorm2d(256, eps=1e-05, momentum=0.1, affine=True, track_running_stats=True)
                (rbr_conv): ModuleList(
                  (0): Sequential(
                    (conv): Conv2d(256, 256, kernel_size=(1, 1), stride=(1, 1), bias=False)
                    (bn): BatchNorm2d(256, eps=1e-05, momentum=0.1, affine=True, track_running_stats=True)
                  )
                )
              )
            )
            (3): Sequential(
              (0): MobileOneBlock(
                (se): Identity()
                (activation): ReLU()
                (rbr_skip): BatchNorm2d(256, eps=1e-05, momentum=0.1, affine=True, track_running_stats=True)
                (rbr_conv): ModuleList(
                  (0): Sequential(
                    (conv): Conv2d(256, 256, kernel_size=(3, 3), stride=(1, 1), padding=(1, 1), groups=256, bias=False)
                    (bn): BatchNorm2d(256, eps=1e-05, momentum=0.1, affine=True, track_running_stats=True)
                  )
                )
                (rbr_scale): Sequential(
                  (conv): Conv2d(256, 256, kernel_size=(1, 1), stride=(1, 1), groups=256, bias=False)
                  (bn): BatchNorm2d(256, eps=1e-05, momentum=0.1, affine=True, track_running_stats=True)
                )
              )
              (1): MobileOneBlock(
                (se): Identity()
                (activation): ReLU()
                (rbr_skip): BatchNorm2d(256, eps=1e-05, momentum=0.1, affine=True, track_running_stats=True)
                (rbr_conv): ModuleList(
                  (0): Sequential(
                    (conv): Conv2d(256, 256, kernel_size=(1, 1), stride=(1, 1), bias=False)
                    (bn): BatchNorm2d(256, eps=1e-05, momentum=0.1, affine=True, track_running_stats=True)
                  )
                )
              )
            )
          )
        )
      )
    )
    (fpn): SecondFPN(
      (deblocks): ModuleList(
        (0): Sequential(
          (0): Conv2d(64, 128, kernel_size=(2, 2), stride=(2, 2), bias=False)
          (1): BatchNorm2d(128, eps=0.001, momentum=0.01, affine=True, track_running_stats=True)
          (2): ReLU(inplace=True)
        )
        (1): Sequential(
          (0): Conv2d(128, 128, kernel_size=(1, 1), stride=(1, 1), bias=False)
          (1): BatchNorm2d(128, eps=0.001, momentum=0.01, affine=True, track_running_stats=True)
          (2): ReLU(inplace=True)
        )
        (2): Sequential(
          (0): ConvTranspose2d(256, 128, kernel_size=(2, 2), stride=(2, 2), bias=False)
          (1): BatchNorm2d(128, eps=0.001, momentum=0.01, affine=True, track_running_stats=True)
          (2): ReLU(inplace=True)
        )
      )
    )
  )
  (dense_head): RadarNeXtCenterHead(
    (crit): FastFocalLoss()
    (crit_reg): RegLoss()
    (corner_crit): MSELoss()
    (crit_iou_reg): IouRegLoss()
    (crit_iou): IouLoss()
    (shared_conv): Sequential(
      (0): Conv2d(384, 64, kernel_size=(3, 3), stride=(1, 1), padding=(1, 1))
      (1): BatchNorm2d(64, eps=1e-05, momentum=0.1, affine=True, track_running_stats=True)
      (2): ReLU(inplace=True)
    )
    (tasks): ModuleList(
      (0): SepHead(
        (deblock): ConvBlock(
          (conv): _Conv(
            (conv): ConvTranspose2d(64, 64, kernel_size=(2, 2), stride=(2, 2), bias=False)
          )
          (norm): BatchNorm2d(64, eps=1e-05, momentum=0.1, affine=True, track_running_stats=True)
          (act): ReLU()
        )
        (reg): Sequential(
          (0): Conv2d(64, 64, kernel_size=(3, 3), stride=(1, 1), padding=(1, 1))
          (1): BatchNorm2d(64, eps=1e-05, momentum=0.1, affine=True, track_running_stats=True)
          (2): ReLU()
          (3): Conv2d(64, 2, kernel_size=(3, 3), stride=(1, 1), padding=(1, 1))
        )
        (height): Sequential(
          (0): Conv2d(64, 64, kernel_size=(3, 3), stride=(1, 1), padding=(1, 1))
          (1): BatchNorm2d(64, eps=1e-05, momentum=0.1, affine=True, track_running_stats=True)
          (2): ReLU()
          (3): Conv2d(64, 1, kernel_size=(3, 3), stride=(1, 1), padding=(1, 1))
        )
        (dim): Sequential(
          (0): Conv2d(64, 64, kernel_size=(3, 3), stride=(1, 1), padding=(1, 1))
          (1): BatchNorm2d(64, eps=1e-05, momentum=0.1, affine=True, track_running_stats=True)
          (2): ReLU()
          (3): Conv2d(64, 3, kernel_size=(3, 3), stride=(1, 1), padding=(1, 1))
        )
        (rot): Sequential(
          (0): Conv2d(64, 64, kernel_size=(3, 3), stride=(1, 1), padding=(1, 1))
          (1): BatchNorm2d(64, eps=1e-05, momentum=0.1, affine=True, track_running_stats=True)
          (2): ReLU()
          (3): Conv2d(64, 2, kernel_size=(3, 3), stride=(1, 1), padding=(1, 1))
        )
        (iou): Sequential(
          (0): Conv2d(64, 64, kernel_size=(3, 3), stride=(1, 1), padding=(1, 1))
          (1): BatchNorm2d(64, eps=1e-05, momentum=0.1, affine=True, track_running_stats=True)
          (2): ReLU()
          (3): Conv2d(64, 1, kernel_size=(3, 3), stride=(1, 1), padding=(1, 1))
        )
        (hm): Sequential(
          (0): Conv2d(64, 64, kernel_size=(3, 3), stride=(1, 1), padding=(1, 1))
          (1): BatchNorm2d(64, eps=1e-05, momentum=0.1, affine=True, track_running_stats=True)
          (2): ReLU()
          (3): Conv2d(64, 3, kernel_size=(3, 3), stride=(1, 1), padding=(1, 1))
        )
        (corner_hm): Sequential(
          (0): Conv2d(64, 64, kernel_size=(3, 3), stride=(1, 1), padding=(1, 1))
          (1): BatchNorm2d(64, eps=1e-05, momentum=0.1, affine=True, track_running_stats=True)
          (2): ReLU()
          (3): Conv2d(64, 1, kernel_size=(3, 3), stride=(1, 1), padding=(1, 1))
        )
      )
    )
  )
  (point_head): None
  (roi_head): None
)
2026-07-23 11:41:31,223   INFO  **********************Start training cfgs/model/vod_models/radarnext/vod_radarnext_fpn(0722_paper)**********************
2026-07-23 17:31:00,091   INFO  **********************End training cfgs/model/vod_models/radarnext/vod_radarnext_fpn(0722_paper)**********************



2026-07-23 17:31:00,092   INFO  **********************Skip evaluation (--skip_eval) cfgs/model/vod_models/radarnext/vod_radarnext_fpn(0722_paper)**********************
